> Task :app:clean
> Task :app:preBuild UP-TO-DATE
> Task :app:preDebugBuild UP-TO-DATE
> Task :app:mergeDebugNativeDebugMetadata NO-SOURCE
> Task :app:checkKotlinGradlePluginConfigurationErrors SKIPPED
> Task :app:generateDebugBuildConfig
> Task :app:processDebugNavigationResources
> Task :app:checkDebugAarMetadata
> Task :app:generateDebugResValues
> Task :app:compileDebugNavigationResources
> Task :app:mapDebugSourceSetPaths
> Task :app:generateDebugResources
> Task :app:packageDebugResources
> Task :app:createDebugCompatibleScreenManifests
> Task :app:extractDeepLinksDebug
> Task :app:processDebugMainManifest
> Task :app:processDebugManifest
> Task :app:mergeDebugShaders
> Task :app:compileDebugShaders NO-SOURCE
> Task :app:generateDebugAssets UP-TO-DATE
> Task :app:parseDebugLocalResources
> Task :app:javaPreCompileDebug
> Task :app:mergeDebugAssets
> Task :app:compressDebugAssets
> Task :app:desugarDebugFileDependencies
> Task :app:mergeDebugJniLibFolders
> Task :app:checkDebugDuplicateClasses
> Task :app:mergeDebugNativeLibs
> Task :app:validateSigningDebug
> Task :app:mergeDebugResources
> Task :app:mergeLibDexDebug
> Task :app:writeDebugAppMetadata
> Task :app:writeDebugSigningConfigVersions
> Task :app:processDebugManifestForPackage

> Task :app:stripDebugDebugSymbols
Unable to strip the following libraries, packaging them as they are: libandroidx.graphics.path.so, libimage_processing_util_jni.so. Run with --info option to learn more.

> Task :app:processDebugResources

> Task :app:compileDebugKotlin FAILED
.\gradlew.bat : e: file:///C:/Users/rishi/Andro
idStudioProjects/MacrosAgent/app/src/main/java/
com/example/mediapipe/examples/macrosagent/serv
ice/MyFitnessPalAccessibilityService.kt:107:13 
Overload resolution ambiguity between 
candidates:
At line:1 char:1
+ .\gradlew.bat clean assembleDebug 2>&1 | 
Out-File -FilePath build_out ...
+ ~~~~~~~~~~~~~~~~~~~~~~~~~~~~~~~~~~~~~~
    + CategoryInfo          : NotSpecified: (e 
   : file:///C:/U...een candidates::String) [  
  ], RemoteException
    + FullyQualifiedErrorId : NativeCommandErr 
   or
 
fun hideOverlay(): Unit
fun hideOverlay(): Unit
e: file:///C:/Users/rishi/AndroidStudioProjects
/MacrosAgent/app/src/main/java/com/example/medi
apipe/examples/macrosagent/service/MyFitnessPal
AccessibilityService.kt:588:5 Conflicting 
overloads:
fun hideOverlay(): Unit
e: file:///C:/Users/rishi/AndroidStudioProjects
/MacrosAgent/app/src/main/java/com/example/medi
apipe/examples/macrosagent/service/MyFitnessPal
AccessibilityService.kt:646:5 Conflicting 
overloads:
fun hideOverlay(): Unit

> Task :app:mergeExtDexDebug

FAILURE: Build failed with an exception.

* What went wrong:
Execution failed for task 
':app:compileDebugKotlin'.
> A failure occurred while executing org.jetbra
ins.kotlin.compilerRunner.GradleCompilerRunnerW
ithWorkers$GradleKotlinCompilerWorkAction
   > Compilation error. See log for more 
details

* Try:
> Run with --stacktrace option to get the 
stack trace.
> Run with --info or --debug option to get 
more log output.
> Run with --scan to get full insights.
> Get more help at https://help.gradle.org.

BUILD FAILED in 14s
32 actionable tasks: 32 executed
